com\bidvault\api\controller\ApiController$FavoriteRequest.class
com\bidvault\api\controller\ApiController$RegisterRequest.class
com\bidvault\api\controller\ApiController$UpdateProfileRequest.class
com\bidvault\api\service\EmailService.class
com\bidvault\api\controller\ApiController$JoinAuctionRequest.class
com\bidvault\api\controller\ApiController$AuctionCoverRequest.class
com\bidvault\api\controller\ApiController$SellRequest.class
com\bidvault\api\controller\ApiController$PayInvoiceRequest.class
com\bidvault\api\controller\ApiController$BidRequest.class
com\bidvault\api\controller\ApiController$UpdatePasswordRequest.class
com\bidvault\api\controller\ApiController.class
com\bidvault\api\controller\ApiController$ShipmentRequest.class
com\bidvault\api\controller\ApiController$PaymentRequest.class
com\bidvault\api\controller\ApiController$AddressRequest.class
com\bidvault\api\exception\GlobalExceptionHandler.class
com\bidvault\api\exception\ApiException.class
com\bidvault\api\controller\ApiController$ClientRequest.class
com\bidvault\api\config\SecurityConfig.class
com\bidvault\api\controller\ApiController$LoginRequest.class
com\bidvault\api\BidVaultApplication.class
