C:\Users\maria\OneDrive\Documentos\Bidvault\Subastas_TPO\backend\src\main\java\com\bidvault\api\BidVaultApplication.java
C:\Users\maria\OneDrive\Documentos\Bidvault\Subastas_TPO\backend\src\main\java\com\bidvault\api\config\SecurityConfig.java
C:\Users\maria\OneDrive\Documentos\Bidvault\Subastas_TPO\backend\src\main\java\com\bidvault\api\config\WebSocketConfig.java
C:\Users\maria\OneDrive\Documentos\Bidvault\Subastas_TPO\backend\src\main\java\com\bidvault\api\controller\ApiController.java
C:\Users\maria\OneDrive\Documentos\Bidvault\Subastas_TPO\backend\src\main\java\com\bidvault\api\exception\ApiException.java
C:\Users\maria\OneDrive\Documentos\Bidvault\Subastas_TPO\backend\src\main\java\com\bidvault\api\exception\GlobalExceptionHandler.java
C:\Users\maria\OneDrive\Documentos\Bidvault\Subastas_TPO\backend\src\main\java\com\bidvault\api\service\AuctionRealtimeHub.java
C:\Users\maria\OneDrive\Documentos\Bidvault\Subastas_TPO\backend\src\main\java\com\bidvault\api\service\EmailService.java
